
> opc-ai-community-shell@0.1.0 dev
> node ./node_modules/vite/bin/vite.js --host 127.0.0.1


  [32m[1mVITE[22m v6.0.7[39m  [2mready in [0m[1m524[22m[2m[0m ms[22m

  [32m➜[39m  [1mLocal[22m:   [36mhttp://127.0.0.1:[1m5173[22m/[39m
[2m02:10:03[22m [36m[1m[vite][22m[39m [90m[2m(client)[22m[39m [32mhmr update [39m[2m/src/views/PortalView.vue, /src/views/AdminView.vue, /src/components/AssistantPage.vue, /src/components/VideoPage.vue, /src/components/ImagePage.vue, /src/components/AudioPage.vue, /src/components/MarketingPage.vue, /src/components/DynamicPage.vue, /src/components/TextWorkbenchPage.vue[22m
[2m02:19:59[22m [36m[1m[vite][22m[39m [90m[2m(client)[22m[39m [32mhmr update [39m[2m/src/views/PortalView.vue, /src/views/AdminView.vue, /src/components/AssistantPage.vue, /src/components/VideoPage.vue, /src/components/ImagePage.vue, /src/components/AudioPage.vue, /src/components/MarketingPage.vue, /src/components/DynamicPage.vue, /src/components/TextWorkbenchPage.vue[22m
[2m02:20:10[22m [36m[1m[vite][22m[39m [90m[2m(client)[22m[39m [32mhmr update [39m[2m/src/views/PortalView.vue, /src/views/AdminView.vue, /src/components/AssistantPage.vue, /src/components/VideoPage.vue, /src/components/ImagePage.vue, /src/components/AudioPage.vue, /src/components/MarketingPage.vue, /src/components/DynamicPage.vue, /src/components/TextWorkbenchPage.vue[22m
[2m02:20:41[22m [36m[1m[vite][22m[39m [90m[2m(client)[22m[39m [32mhmr update [39m[2m/src/views/PortalView.vue, /src/views/AdminView.vue, /src/components/AssistantPage.vue, /src/components/VideoPage.vue, /src/components/ImagePage.vue, /src/components/AudioPage.vue, /src/components/MarketingPage.vue, /src/components/DynamicPage.vue, /src/components/TextWorkbenchPage.vue[22m
[2m02:21:02[22m [36m[1m[vite][22m[39m [90m[2m(client)[22m[39m [32mhmr update [39m[2m/src/views/AdminView.vue[22m
[2m02:22:08[22m [36m[1m[vite][22m[39m [90m[2m(client)[22m[39m [32mhmr update [39m[2m/src/views/PortalView.vue, /src/views/AdminView.vue, /src/components/VideoPage.vue, /src/components/ImagePage.vue, /src/components/AudioPage.vue[22m
[2m02:22:36[22m [36m[1m[vite][22m[39m [90m[2m(client)[22m[39m [32mhmr update [39m[2m/src/views/PortalView.vue, /src/views/AdminView.vue, /src/components/AssistantPage.vue, /src/components/VideoPage.vue, /src/components/ImagePage.vue, /src/components/AudioPage.vue, /src/components/MarketingPage.vue, /src/components/DynamicPage.vue, /src/components/TextWorkbenchPage.vue[22m
[2m02:32:00[22m [36m[1m[vite][22m[39m [90m[2m(client)[22m[39m [32mhmr update [39m[2m/src/components/ImagePage.vue[22m
[2m02:33:21[22m [36m[1m[vite][22m[39m [90m[2m(client)[22m[39m [32mhmr update [39m[2m/src/components/ImagePage.vue[22m
[2m02:33:28[22m [36m[1m[vite][22m[39m [90m[2m(client)[22m[39m [32mhmr update [39m[2m/src/components/VideoPage.vue[22m
[2m02:34:39[22m [36m[1m[vite][22m[39m [90m[2m(client)[22m[39m [32mhmr update [39m[2m/src/components/VideoPage.vue[22m
[2m02:36:02[22m [36m[1m[vite][22m[39m [90m[2m(client)[22m[39m [32mhmr update [39m[2m/src/views/AdminView.vue[22m
[2m02:36:15[22m [36m[1m[vite][22m[39m [90m[2m(client)[22m[39m [32mhmr update [39m[2m/src/views/AdminView.vue[22m
[2m02:38:06[22m [36m[1m[vite][22m[39m [90m[2m(client)[22m[39m [32mhmr update [39m[2m/src/views/AdminView.vue[22m
[2m02:38:23[22m [36m[1m[vite][22m[39m [90m[2m(client)[22m[39m [32mhmr update [39m[2m/src/views/AdminView.vue[22m
[2m02:38:58[22m [36m[1m[vite][22m[39m [90m[2m(client)[22m[39m [32mhmr update [39m[2m/src/views/AdminView.vue[22m
[2m02:39:39[22m [36m[1m[vite][22m[39m [90m[2m(client)[22m[39m [32mhmr update [39m[2m/src/views/AdminView.vue[22m
[2m02:40:06[22m [36m[1m[vite][22m[39m [90m[2m(client)[22m[39m [32mhmr update [39m[2m/src/views/AdminView.vue[22m
[2m02:41:20[22m [36m[1m[vite][22m[39m [90m[2m(client)[22m[39m [32mhmr update [39m[2m/src/views/AdminView.vue[22m
[2m02:42:32[22m [36m[1m[vite][22m[39m [90m[2m(client)[22m[39m [32mhmr update [39m[2m/src/views/AdminView.vue[22m
[2m02:43:10[22m [36m[1m[vite][22m[39m [90m[2m(client)[22m[39m [32mhmr update [39m[2m/src/views/AdminView.vue[22m
[2m02:43:17[22m [36m[1m[vite][22m[39m [90m[2m(client)[22m[39m [32mhmr update [39m[2m/src/views/AdminView.vue[22m
[2m02:44:06[22m [36m[1m[vite][22m[39m [90m[2m(client)[22m[39m [32mhmr update [39m[2m/src/views/AdminView.vue[22m
[2m02:44:20[22m [36m[1m[vite][22m[39m [90m[2m(client)[22m[39m [32mhmr update [39m[2m/src/views/PortalView.vue, /src/views/AdminView.vue, /src/components/AudioPage.vue, /src/components/ImagePage.vue, /src/components/VideoPage.vue[22m
[2m02:47:08[22m [36m[1m[vite][22m[39m [90m[2m(client)[22m[39m [32mhmr update [39m[2m/src/views/AdminView.vue[22m
[2m07:24:29[22m [36m[1m[vite][22m[39m [90m[2m(client)[22m[39m [32mhmr update [39m[2m/src/views/AdminView.vue[22m
[2m10:52:18[22m [36m[1m[vite][22m[39m [90m[2m(client)[22m[39m [32mhmr update [39m[2m/src/views/PortalView.vue, /src/views/AdminView.vue, /src/components/AssistantPage.vue, /src/components/AudioPage.vue, /src/components/ImagePage.vue, /src/components/VideoPage.vue, /src/components/MarketingPage.vue, /src/components/DynamicPage.vue, /src/components/TextWorkbenchPage.vue[22m
[2m10:52:43[22m [36m[1m[vite][22m[39m [90m[2m(client)[22m[39m [32mhmr update [39m[2m/src/views/PortalView.vue, /src/views/AdminView.vue, /src/components/AssistantPage.vue, /src/components/AudioPage.vue, /src/components/ImagePage.vue, /src/components/VideoPage.vue, /src/components/MarketingPage.vue, /src/components/DynamicPage.vue, /src/components/TextWorkbenchPage.vue[22m
[2m10:53:11[22m [36m[1m[vite][22m[39m [90m[2m(client)[22m[39m [32mhmr update [39m[2m/src/views/PortalView.vue, /src/views/AdminView.vue, /src/components/AssistantPage.vue, /src/components/AudioPage.vue, /src/components/ImagePage.vue, /src/components/VideoPage.vue, /src/components/MarketingPage.vue, /src/components/DynamicPage.vue, /src/components/TextWorkbenchPage.vue[22m
[2m10:53:38[22m [36m[1m[vite][22m[39m [90m[2m(client)[22m[39m [32mhmr update [39m[2m/src/views/PortalView.vue, /src/views/AdminView.vue, /src/components/AssistantPage.vue, /src/components/AudioPage.vue, /src/components/ImagePage.vue, /src/components/VideoPage.vue, /src/components/MarketingPage.vue, /src/components/DynamicPage.vue, /src/components/TextWorkbenchPage.vue[22m
[2m10:54:28[22m [36m[1m[vite][22m[39m [90m[2m(client)[22m[39m [32mhmr update [39m[2m/src/views/PortalView.vue, /src/views/AdminView.vue, /src/components/AssistantPage.vue, /src/components/AudioPage.vue, /src/components/ImagePage.vue, /src/components/VideoPage.vue, /src/components/MarketingPage.vue, /src/components/DynamicPage.vue, /src/components/TextWorkbenchPage.vue[22m
[2m10:57:02[22m [36m[1m[vite][22m[39m [90m[2m(client)[22m[39m [32mhmr update [39m[2m/src/views/PortalView.vue, /src/views/AdminView.vue, /src/components/AssistantPage.vue, /src/components/AudioPage.vue, /src/components/ImagePage.vue, /src/components/VideoPage.vue, /src/components/MarketingPage.vue, /src/components/DynamicPage.vue, /src/components/TextWorkbenchPage.vue[22m
[2m10:57:26[22m [36m[1m[vite][22m[39m [90m[2m(client)[22m[39m [32mhmr update [39m[2m/src/views/PortalView.vue, /src/views/AdminView.vue, /src/components/AssistantPage.vue, /src/components/AudioPage.vue, /src/components/ImagePage.vue, /src/components/VideoPage.vue, /src/components/MarketingPage.vue, /src/components/DynamicPage.vue, /src/components/TextWorkbenchPage.vue[22m
[2m10:57:55[22m [36m[1m[vite][22m[39m [90m[2m(client)[22m[39m [32mhmr update [39m[2m/src/views/PortalView.vue, /src/views/AdminView.vue, /src/components/AssistantPage.vue, /src/components/AudioPage.vue, /src/components/ImagePage.vue, /src/components/VideoPage.vue, /src/components/MarketingPage.vue, /src/components/DynamicPage.vue, /src/components/TextWorkbenchPage.vue[22m
[2m10:58:37[22m [36m[1m[vite][22m[39m [90m[2m(client)[22m[39m [32mhmr update [39m[2m/src/views/PortalView.vue, /src/views/AdminView.vue, /src/components/AudioPage.vue, /src/components/ImagePage.vue, /src/components/VideoPage.vue[22m
[2m10:59:15[22m [36m[1m[vite][22m[39m [90m[2m(client)[22m[39m [32mhmr update [39m[2m/src/views/PortalView.vue, /src/views/AdminView.vue, /src/components/AudioPage.vue, /src/components/ImagePage.vue, /src/components/VideoPage.vue[22m
[2m10:59:43[22m [36m[1m[vite][22m[39m [90m[2m(client)[22m[39m [32mhmr update [39m[2m/src/views/PortalView.vue, /src/views/AdminView.vue, /src/components/AssistantPage.vue, /src/components/AudioPage.vue, /src/components/ImagePage.vue, /src/components/VideoPage.vue, /src/components/MarketingPage.vue, /src/components/DynamicPage.vue, /src/components/TextWorkbenchPage.vue[22m
[2m11:07:50[22m [36m[1m[vite][22m[39m [90m[2m(client)[22m[39m [32mhmr update [39m[2m/src/views/PortalView.vue[22m
[2m11:08:15[22m [36m[1m[vite][22m[39m [90m[2m(client)[22m[39m [32mhmr update [39m[2m/src/views/PortalView.vue[22m
[2m11:16:01[22m [36m[1m[vite][22m[39m [90m[2m(client)[22m[39m [32mhmr update [39m[2m/src/components/WorkbenchPage.vue[22m
[2m11:16:55[22m [36m[1m[vite][22m[39m [90m[2m(client)[22m[39m [32mhmr update [39m[2m/src/components/WorkbenchPage.vue[22m
[2m11:18:10[22m [36m[1m[vite][22m[39m [90m[2m(client)[22m[39m [32mhmr update [39m[2m/src/components/WorkbenchPage.vue[22m
[2m12:36:38[22m [36m[1m[vite][22m[39m [90m[2m(client)[22m[39m [32mhmr update [39m[2m/src/components/WorkbenchPage.vue[22m
[2m12:41:12[22m [36m[1m[vite][22m[39m [90m[2m(client)[22m[39m [32mhmr update [39m[2m/src/components/WorkbenchPage.vue[22m
[2m12:43:02[22m [36m[1m[vite][22m[39m [90m[2m(client)[22m[39m [32mhmr update [39m[2m/src/components/WorkbenchPage.vue[22m
[2m12:47:08[22m [36m[1m[vite][22m[39m [90m[2m(client)[22m[39m [32mhmr update [39m[2m/src/components/WorkbenchPage.vue[22m
[2m12:49:03[22m [36m[1m[vite][22m[39m [90m[2m(client)[22m[39m [32mhmr update [39m[2m/src/components/WorkbenchPage.vue, /src/components/WorkbenchPage.vue?vue&type=style&index=0&scoped=f37aacb9&lang.css[22m
[2m12:52:14[22m [36m[1m[vite][22m[39m [90m[2m(client)[22m[39m [32mhmr update [39m[2m/src/components/WorkbenchPage.vue?vue&type=style&index=0&scoped=f37aacb9&lang.css[22m
[2m12:56:26[22m [36m[1m[vite][22m[39m [90m[2m(client)[22m[39m [32mhmr update [39m[2m/src/components/ImagePage.vue[22m
[2m12:57:35[22m [36m[1m[vite][22m[39m [90m[2m(client)[22m[39m [32mhmr update [39m[2m/src/components/VideoPage.vue[22m
[2m12:58:58[22m [36m[1m[vite][22m[39m [90m[2m(client)[22m[39m [32mhmr update [39m[2m/src/components/AudioPage.vue[22m
[2m13:02:08[22m [36m[1m[vite][22m[39m [90m[2m(client)[22m[39m [32mhmr update [39m[2m/src/views/PortalView.vue[22m
[2m13:03:07[22m [36m[1m[vite][22m[39m [90m[2m(client)[22m[39m [32mhmr update [39m[2m/src/views/PortalView.vue[22m
[2m13:04:44[22m [36m[1m[vite][22m[39m [90m[2m(client)[22m[39m [32mhmr update [39m[2m/src/views/PortalView.vue[22m
[2m13:05:57[22m [36m[1m[vite][22m[39m [90m[2m(client)[22m[39m [32mhmr update [39m[2m/src/components/DynamicPage.vue[22m
[2m13:11:27[22m [36m[1m[vite][22m[39m [90m[2m(client)[22m[39m [32mhmr update [39m[2m/src/styles.css[22m
[2m13:17:18[22m [36m[1m[vite][22m[39m [90m[2m(client)[22m[39m [32mhmr update [39m[2m/src/views/PortalView.vue, /src/views/AdminView.vue, /src/components/AssistantPage.vue, /src/components/AudioPage.vue, /src/components/ImagePage.vue, /src/components/VideoPage.vue, /src/components/WorkbenchPage.vue, /src/components/MarketingPage.vue, /src/components/DynamicPage.vue, /src/components/TextWorkbenchPage.vue[22m
[2m13:26:54[22m [36m[1m[vite][22m[39m [90m[2m(client)[22m[39m [32mhmr update [39m[2m/src/components/WorkbenchPage.vue[22m
[2m13:32:04[22m [36m[1m[vite][22m[39m [90m[2m(client)[22m[39m [32mhmr update [39m[2m/src/components/WorkbenchPage.vue?vue&type=style&index=0&scoped=f37aacb9&lang.css[22m
[2m13:42:29[22m [36m[1m[vite][22m[39m [90m[2m(client)[22m[39m [32mhmr update [39m[2m/src/components/AudioPage.vue[22m
[2m14:29:49[22m [36m[1m[vite][22m[39m [90m[2m(client)[22m[39m [32mhmr update [39m[2m/src/components/WorkspaceShell.vue?vue&type=style&index=0&scoped=8eb35274&lang.css[22m
[2m14:31:52[22m [36m[1m[vite][22m[39m [90m[2m(client)[22m[39m [32mhmr update [39m[2m/src/views/PortalView.vue[22m
[2m14:32:12[22m [36m[1m[vite][22m[39m [90m[2m(client)[22m[39m [32mhmr update [39m[2m/src/views/PortalView.vue[22m
[2m14:33:49[22m [36m[1m[vite][22m[39m [90m[2m(client)[22m[39m [32mhmr update [39m[2m/src/views/PortalView.vue[22m
[2m14:34:16[22m [36m[1m[vite][22m[39m [90m[2m(client)[22m[39m [32mhmr update [39m[2m/src/views/PortalView.vue[22m
[2m14:35:13[22m [36m[1m[vite][22m[39m [90m[2m(client)[22m[39m [32mhmr update [39m[2m/src/components/WorkbenchPage.vue[22m
[2m14:36:13[22m [36m[1m[vite][22m[39m [90m[2m(client)[22m[39m [32mhmr update [39m[2m/src/components/WorkbenchPage.vue[22m
[2m14:36:59[22m [36m[1m[vite][22m[39m [90m[2m(client)[22m[39m [32mhmr update [39m[2m/src/components/ImagePage.vue[22m
[2m14:38:00[22m [36m[1m[vite][22m[39m [90m[2m(client)[22m[39m [32mhmr update [39m[2m/src/components/ImagePage.vue[22m
[2m14:38:54[22m [36m[1m[vite][22m[39m [90m[2m(client)[22m[39m [32mhmr update [39m[2m/src/components/VideoPage.vue[22m
[2m14:39:37[22m [36m[1m[vite][22m[39m [90m[2m(client)[22m[39m [32mhmr update [39m[2m/src/components/VideoPage.vue[22m
[2m14:40:23[22m [36m[1m[vite][22m[39m [90m[2m(client)[22m[39m [32mhmr update [39m[2m/src/components/AudioPage.vue[22m
[2m14:40:43[22m [36m[1m[vite][22m[39m [90m[2m(client)[22m[39m [32mhmr update [39m[2m/src/components/AudioPage.vue[22m
[2m14:41:10[22m [36m[1m[vite][22m[39m [90m[2m(client)[22m[39m [32mhmr update [39m[2m/src/styles.css[22m
[2m14:45:04[22m [36m[1m[vite][22m[39m [90m[2m(client)[22m[39m [32mhmr update [39m[2m/src/views/PortalView.vue[22m
[2m14:50:20[22m [36m[1m[vite][22m[39m [90m[2m(client)[22m[39m [32mhmr update [39m[2m/src/components/PortalChrome.vue[22m
[2m14:50:57[22m [36m[1m[vite][22m[39m [90m[2m(client)[22m[39m [32mhmr update [39m[2m/src/components/WorkbenchPage.vue[22m
[2m14:51:49[22m [36m[1m[vite][22m[39m [90m[2m(client)[22m[39m [32mhmr update [39m[2m/src/components/WorkbenchPage.vue[22m
[2m14:52:18[22m [36m[1m[vite][22m[39m [90m[2m(client)[22m[39m [32mhmr update [39m[2m/src/components/ImagePage.vue[22m
[2m14:52:46[22m [36m[1m[vite][22m[39m [90m[2m(client)[22m[39m [32mhmr update [39m[2m/src/components/ImagePage.vue[22m
[2m14:53:07[22m [36m[1m[vite][22m[39m [90m[2m(client)[22m[39m [32mhmr update [39m[2m/src/components/VideoPage.vue[22m
[2m14:53:39[22m [36m[1m[vite][22m[39m [90m[2m(client)[22m[39m [32mhmr update [39m[2m/src/components/VideoPage.vue[22m
[2m14:53:59[22m [36m[1m[vite][22m[39m [90m[2m(client)[22m[39m [32mhmr update [39m[2m/src/components/AudioPage.vue[22m
[2m14:54:26[22m [36m[1m[vite][22m[39m [90m[2m(client)[22m[39m [32mhmr update [39m[2m/src/components/AudioPage.vue[22m
[2m14:56:21[22m [36m[1m[vite][22m[39m [90m[2m(client)[22m[39m [32mhmr update [39m[2m/src/components/PortalChrome.vue[22m
[2m14:57:35[22m [36m[1m[vite][22m[39m [90m[2m(client)[22m[39m [32mhmr update [39m[2m/src/components/PortalChrome.vue, /src/components/PortalChrome.vue?vue&type=style&index=0&scoped=429570ee&lang.css[22m
[2m14:58:11[22m [36m[1m[vite][22m[39m [90m[2m(client)[22m[39m [32mhmr update [39m[2m/src/components/PortalChrome.vue, /src/components/PortalChrome.vue?vue&type=style&index=0&scoped=429570ee&lang.css[22m
[2m16:14:04[22m [36m[1m[vite][22m[39m [90m[2m(client)[22m[39m [32mhmr update [39m[2m/src/components/PortalChrome.vue[22m
[2m16:14:47[22m [36m[1m[vite][22m[39m [90m[2m(client)[22m[39m [32mhmr update [39m[2m/src/components/WorkbenchPage.vue[22m
[2m16:14:53[22m [36m[1m[vite][22m[39m [90m[2m(client)[22m[39m [32mhmr update [39m[2m/src/components/ImagePage.vue[22m
[2m16:14:59[22m [36m[1m[vite][22m[39m [90m[2m(client)[22m[39m [32mhmr update [39m[2m/src/components/VideoPage.vue[22m
[2m16:15:05[22m [36m[1m[vite][22m[39m [90m[2m(client)[22m[39m [32mhmr update [39m[2m/src/components/AudioPage.vue[22m
[2m16:28:11[22m [36m[1m[vite][22m[39m [90m[2m(client)[22m[39m [32mhmr update [39m[2m/src/components/PortalChrome.vue[22m
[2m18:34:33[22m [36m[1m[vite][22m[39m [90m[2m(client)[22m[39m [32mhmr update [39m[2m/src/views/PortalView.vue, /src/views/AdminView.vue, /src/components/AssistantPage.vue, /src/components/AudioPage.vue, /src/components/ImagePage.vue, /src/components/VideoPage.vue, /src/components/WorkbenchPage.vue, /src/components/MarketingPage.vue, /src/components/DynamicPage.vue, /src/components/TextWorkbenchPage.vue[22m
[2m18:36:27[22m [36m[1m[vite][22m[39m [90m[2m(client)[22m[39m [32mhmr update [39m[2m/src/views/PortalView.vue, /src/views/AdminView.vue, /src/components/AssistantPage.vue, /src/components/AudioPage.vue, /src/components/ImagePage.vue, /src/components/VideoPage.vue, /src/components/WorkbenchPage.vue, /src/components/MarketingPage.vue, /src/components/DynamicPage.vue, /src/components/TextWorkbenchPage.vue[22m
[2m18:42:40[22m [36m[1m[vite][22m[39m [90m[2m(client)[22m[39m [32mhmr update [39m[2m/src/views/PortalView.vue, /src/views/AdminView.vue, /src/components/AssistantPage.vue, /src/components/AudioPage.vue, /src/components/ImagePage.vue, /src/components/VideoPage.vue, /src/components/WorkbenchPage.vue, /src/components/MarketingPage.vue, /src/components/DynamicPage.vue, /src/components/TextWorkbenchPage.vue[22m
[2m18:45:02[22m [36m[1m[vite][22m[39m [90m[2m(client)[22m[39m [32mhmr update [39m[2m/src/views/PortalView.vue, /src/views/AdminView.vue, /src/components/AssistantPage.vue, /src/components/AudioPage.vue, /src/components/ImagePage.vue, /src/components/VideoPage.vue, /src/components/WorkbenchPage.vue, /src/components/MarketingPage.vue, /src/components/DynamicPage.vue, /src/components/TextWorkbenchPage.vue[22m
[2m18:47:04[22m [36m[1m[vite][22m[39m [90m[2m(client)[22m[39m [32mhmr update [39m[2m/src/views/PortalView.vue, /src/views/AdminView.vue, /src/components/AssistantPage.vue, /src/components/AudioPage.vue, /src/components/ImagePage.vue, /src/components/VideoPage.vue, /src/components/WorkbenchPage.vue, /src/components/MarketingPage.vue, /src/components/DynamicPage.vue, /src/components/TextWorkbenchPage.vue[22m
[2m18:49:21[22m [36m[1m[vite][22m[39m [90m[2m(client)[22m[39m [32mhmr update [39m[2m/src/views/PortalView.vue, /src/views/AdminView.vue, /src/components/AssistantPage.vue, /src/components/AudioPage.vue, /src/components/ImagePage.vue, /src/components/VideoPage.vue, /src/components/WorkbenchPage.vue, /src/components/MarketingPage.vue, /src/components/DynamicPage.vue, /src/components/TextWorkbenchPage.vue[22m
[2m18:57:56[22m [36m[1m[vite][22m[39m [90m[2m(client)[22m[39m [32mhmr update [39m[2m/src/views/PortalView.vue, /src/views/AdminView.vue, /src/components/AssistantPage.vue, /src/components/AudioPage.vue, /src/components/ImagePage.vue, /src/components/VideoPage.vue, /src/components/WorkbenchPage.vue, /src/components/MarketingPage.vue, /src/components/DynamicPage.vue, /src/components/TextWorkbenchPage.vue[22m
[2m19:02:00[22m [36m[1m[vite][22m[39m [90m[2m(client)[22m[39m [32mhmr update [39m[2m/src/views/PortalView.vue, /src/views/AdminView.vue, /src/components/AssistantPage.vue, /src/components/AudioPage.vue, /src/components/ImagePage.vue, /src/components/VideoPage.vue, /src/components/WorkbenchPage.vue, /src/components/MarketingPage.vue, /src/components/DynamicPage.vue, /src/components/TextWorkbenchPage.vue[22m
[2m19:04:13[22m [36m[1m[vite][22m[39m [90m[2m(client)[22m[39m [32mhmr update [39m[2m/src/views/PortalView.vue, /src/views/AdminView.vue, /src/components/AssistantPage.vue, /src/components/AudioPage.vue, /src/components/ImagePage.vue, /src/components/VideoPage.vue, /src/components/WorkbenchPage.vue, /src/components/MarketingPage.vue, /src/components/DynamicPage.vue, /src/components/TextWorkbenchPage.vue[22m
[2m19:06:17[22m [36m[1m[vite][22m[39m [90m[2m(client)[22m[39m [32mhmr update [39m[2m/src/views/PortalView.vue, /src/views/AdminView.vue, /src/components/AssistantPage.vue, /src/components/AudioPage.vue, /src/components/ImagePage.vue, /src/components/VideoPage.vue, /src/components/WorkbenchPage.vue, /src/components/MarketingPage.vue, /src/components/DynamicPage.vue, /src/components/TextWorkbenchPage.vue[22m
[2m19:08:33[22m [36m[1m[vite][22m[39m [90m[2m(client)[22m[39m [32mhmr update [39m[2m/src/views/PortalView.vue, /src/views/AdminView.vue, /src/components/AssistantPage.vue, /src/components/AudioPage.vue, /src/components/ImagePage.vue, /src/components/VideoPage.vue, /src/components/WorkbenchPage.vue, /src/components/MarketingPage.vue, /src/components/DynamicPage.vue, /src/components/TextWorkbenchPage.vue[22m
[2m19:12:40[22m [36m[1m[vite][22m[39m [90m[2m(client)[22m[39m [32mhmr update [39m[2m/src/views/PortalView.vue, /src/views/AdminView.vue, /src/components/AssistantPage.vue, /src/components/AudioPage.vue, /src/components/ImagePage.vue, /src/components/VideoPage.vue, /src/components/WorkbenchPage.vue, /src/components/MarketingPage.vue, /src/components/DynamicPage.vue, /src/components/TextWorkbenchPage.vue[22m
[2m19:14:42[22m [36m[1m[vite][22m[39m [90m[2m(client)[22m[39m [32mhmr update [39m[2m/src/views/PortalView.vue, /src/views/AdminView.vue, /src/components/AssistantPage.vue, /src/components/AudioPage.vue, /src/components/ImagePage.vue, /src/components/VideoPage.vue, /src/components/WorkbenchPage.vue, /src/components/MarketingPage.vue, /src/components/DynamicPage.vue, /src/components/TextWorkbenchPage.vue[22m
[2m19:32:26[22m [36m[1m[vite][22m[39m [90m[2m(client)[22m[39m [32mpage reload [39m[2msrc/router.ts[22m
[2m19:34:18[22m [36m[1m[vite][22m[39m [90m[2m(client)[22m[39m [32mhmr update [39m[2m/src/components/WorkspaceShell.vue[22m
[2m19:36:30[22m [36m[1m[vite][22m[39m [90m[2m(client)[22m[39m [32mhmr update [39m[2m/src/views/PortalView.vue[22m
[2m19:47:09[22m [36m[1m[vite][22m[39m [90m[2m(client)[22m[39m [32mhmr update [39m[2m/src/components/WorkbenchPage.vue[22m
[2m19:49:08[22m [36m[1m[vite][22m[39m [90m[2m(client)[22m[39m [32mhmr update [39m[2m/src/components/WorkbenchPage.vue[22m
[2m19:51:31[22m [36m[1m[vite][22m[39m [90m[2m(client)[22m[39m [32mhmr update [39m[2m/src/views/PortalView.vue, /src/views/AdminView.vue, /src/components/AudioPage.vue, /src/components/ImagePage.vue, /src/components/VideoPage.vue, /src/components/WorkbenchPage.vue[22m
[2m20:13:05[22m [36m[1m[vite][22m[39m [90m[2m(client)[22m[39m [32mhmr update [39m[2m/src/components/ImagePage.vue[22m
[2m20:15:47[22m [36m[1m[vite][22m[39m [90m[2m(client)[22m[39m [32mhmr update [39m[2m/src/components/VideoPage.vue[22m
[2m20:19:18[22m [36m[1m[vite][22m[39m [90m[2m(client)[22m[39m [32mhmr update [39m[2m/src/components/AudioPage.vue[22m
[2m20:21:36[22m [36m[1m[vite][22m[39m [90m[2m(client)[22m[39m [32mhmr update [39m[2m/src/components/VideoPage.vue[22m
[2m22:04:02[22m [36m[1m[vite][22m[39m [90m[2m(client)[22m[39m [32mhmr update [39m[2m/src/components/DynamicPage.vue[22m
[2m22:08:40[22m [36m[1m[vite][22m[39m [90m[2m(client)[22m[39m [32mhmr update [39m[2m/src/views/PortalView.vue[22m
[2m22:15:41[22m [36m[1m[vite][22m[39m [90m[2m(client)[22m[39m [32mhmr update [39m[2m/src/views/PortalView.vue[22m
[2m22:18:58[22m [36m[1m[vite][22m[39m [90m[2m(client)[22m[39m [32mhmr update [39m[2m/src/views/PortalView.vue[22m
[2m22:23:51[22m [36m[1m[vite][22m[39m [90m[2m(client)[22m[39m [32mhmr update [39m[2m/src/views/PortalView.vue[22m
[2m22:43:07[22m [36m[1m[vite][22m[39m [90m[2m(client)[22m[39m [32mhmr update [39m[2m/src/components/DynamicPage.vue[22m
[2m22:43:20[22m [36m[1m[vite][22m[39m [90m[2m(client)[22m[39m [32mhmr update [39m[2m/src/views/PortalView.vue[22m
[2m22:49:29[22m [36m[1m[vite][22m[39m [90m[2m(client)[22m[39m [32mhmr update [39m[2m/src/views/PortalView.vue[22m
[2m23:15:34[22m [36m[1m[vite][22m[39m [90m[2m(client)[22m[39m [32mhmr update [39m[2m/src/views/PortalView.vue, /src/views/AdminView.vue, /src/components/AssistantPage.vue, /src/components/AudioPage.vue, /src/components/ImagePage.vue, /src/components/VideoPage.vue, /src/components/WorkbenchPage.vue, /src/components/MarketingPage.vue, /src/components/DynamicPage.vue, /src/components/TextWorkbenchPage.vue[22m
[2m23:18:57[22m [36m[1m[vite][22m[39m [90m[2m(client)[22m[39m [32mhmr update [39m[2m/src/views/PortalView.vue, /src/views/AdminView.vue, /src/components/AssistantPage.vue, /src/components/AudioPage.vue, /src/components/ImagePage.vue, /src/components/VideoPage.vue, /src/components/WorkbenchPage.vue, /src/components/MarketingPage.vue, /src/components/DynamicPage.vue, /src/components/TextWorkbenchPage.vue[22m
[2m23:19:20[22m [36m[1m[vite][22m[39m [90m[2m(client)[22m[39m [32mhmr update [39m[2m/src/views/PortalView.vue, /src/views/AdminView.vue, /src/components/AssistantPage.vue, /src/components/AudioPage.vue, /src/components/ImagePage.vue, /src/components/VideoPage.vue, /src/components/WorkbenchPage.vue, /src/components/MarketingPage.vue, /src/components/DynamicPage.vue, /src/components/TextWorkbenchPage.vue[22m
[2m23:19:44[22m [36m[1m[vite][22m[39m [90m[2m(client)[22m[39m [32mhmr update [39m[2m/src/views/PortalView.vue, /src/views/AdminView.vue, /src/components/AssistantPage.vue, /src/components/AudioPage.vue, /src/components/ImagePage.vue, /src/components/VideoPage.vue, /src/components/WorkbenchPage.vue, /src/components/MarketingPage.vue, /src/components/DynamicPage.vue, /src/components/TextWorkbenchPage.vue[22m
[2m23:19:50[22m [36m[1m[vite][22m[39m [90m[2m(client)[22m[39m [32mhmr update [39m[2m/src/views/PortalView.vue, /src/views/AdminView.vue, /src/components/AssistantPage.vue, /src/components/AudioPage.vue, /src/components/ImagePage.vue, /src/components/VideoPage.vue, /src/components/WorkbenchPage.vue, /src/components/MarketingPage.vue, /src/components/DynamicPage.vue, /src/components/TextWorkbenchPage.vue[22m
[2m23:20:00[22m [36m[1m[vite][22m[39m [90m[2m(client)[22m[39m [32mhmr update [39m[2m/src/views/PortalView.vue, /src/views/AdminView.vue, /src/components/AssistantPage.vue, /src/components/AudioPage.vue, /src/components/ImagePage.vue, /src/components/VideoPage.vue, /src/components/WorkbenchPage.vue, /src/components/MarketingPage.vue, /src/components/DynamicPage.vue, /src/components/TextWorkbenchPage.vue[22m
[2m23:20:14[22m [36m[1m[vite][22m[39m [90m[2m(client)[22m[39m [32mhmr update [39m[2m/src/views/PortalView.vue, /src/views/AdminView.vue, /src/components/AudioPage.vue, /src/components/ImagePage.vue, /src/components/VideoPage.vue, /src/components/WorkbenchPage.vue[22m
[2m23:20:22[22m [36m[1m[vite][22m[39m [90m[2m(client)[22m[39m [32mhmr update [39m[2m/src/views/PortalView.vue, /src/views/AdminView.vue, /src/components/AudioPage.vue, /src/components/ImagePage.vue, /src/components/VideoPage.vue, /src/components/WorkbenchPage.vue[22m
[2m23:20:36[22m [36m[1m[vite][22m[39m [90m[2m(client)[22m[39m [32mhmr update [39m[2m/src/views/AdminView.vue[22m
[2m23:21:38[22m [36m[1m[vite][22m[39m [90m[2m(client)[22m[39m [32mpage reload [39m[2msrc/router.ts[22m
[2m23:21:47[22m [36m[1m[vite][22m[39m [90m[2m(client)[22m[39m [32mpage reload [39m[2msrc/router.ts[22m
[2m23:22:06[22m [36m[1m[vite][22m[39m [90m[2m(client)[22m[39m [32mhmr update [39m[2m/src/components/DynamicPage.vue[22m
[2m23:22:14[22m [36m[1m[vite][22m[39m [90m[2m(client)[22m[39m [32mhmr update [39m[2m/src/components/DynamicPage.vue[22m
[2m23:22:46[22m [36m[1m[vite][22m[39m [90m[2m(client)[22m[39m [32mhmr update [39m[2m/src/components/DynamicPage.vue[22m
[2m23:23:01[22m [36m[1m[vite][22m[39m [90m[2m(client)[22m[39m [32mhmr update [39m[2m/src/components/DynamicPage.vue[22m
[2m23:23:53[22m [36m[1m[vite][22m[39m [90m[2m(client)[22m[39m [32mhmr update [39m[2m/src/components/PortalChrome.vue[22m
[2m23:24:18[22m [36m[1m[vite][22m[39m [90m[2m(client)[22m[39m [32mhmr update [39m[2m/src/components/PortalChrome.vue, /src/components/PortalChrome.vue?vue&type=style&index=0&scoped=429570ee&lang.css[22m
[2m23:24:44[22m [36m[1m[vite][22m[39m [90m[2m(client)[22m[39m [32mhmr update [39m[2m/src/components/PortalChrome.vue, /src/components/PortalChrome.vue?vue&type=style&index=0&scoped=429570ee&lang.css[22m
[2m23:24:59[22m [36m[1m[vite][22m[39m [90m[2m(client)[22m[39m [32mhmr update [39m[2m/src/views/PortalView.vue[22m
[2m23:25:09[22m [36m[1m[vite][22m[39m [90m[2m(client)[22m[39m [32mhmr update [39m[2m/src/views/PortalView.vue[22m
[2m23:25:17[22m [36m[1m[vite][22m[39m [90m[2m(client)[22m[39m [32mhmr update [39m[2m/src/views/PortalView.vue[22m
[2m23:25:26[22m [36m[1m[vite][22m[39m [90m[2m(client)[22m[39m [32mhmr update [39m[2m/src/views/PortalView.vue[22m
[2m23:26:05[22m [36m[1m[vite][22m[39m [90m[2m(client)[22m[39m [32mhmr update [39m[2m/src/views/PortalView.vue[22m
[2m23:26:51[22m [36m[1m[vite][22m[39m [90m[2m(client)[22m[39m [32mhmr update [39m[2m/src/views/PortalView.vue[22m
[2m23:27:11[22m [36m[1m[vite][22m[39m [90m[2m(client)[22m[39m [32mhmr update [39m[2m/src/views/PortalView.vue[22m
[2m23:27:38[22m [36m[1m[vite][22m[39m [90m[2m(client)[22m[39m [32mhmr update [39m[2m/src/views/AdminView.vue[22m
[2m23:28:19[22m [36m[1m[vite][22m[39m [90m[2m(client)[22m[39m [32mhmr update [39m[2m/src/views/AdminView.vue[22m
[2m23:28:33[22m [36m[1m[vite][22m[39m [90m[2m(client)[22m[39m [32mhmr update [39m[2m/src/styles.css[22m
[2m23:28:42[22m [36m[1m[vite][22m[39m [90m[2m(client)[22m[39m [32mhmr update [39m[2m/src/styles.css[22m
[2m23:28:50[22m [36m[1m[vite][22m[39m [90m[2m(client)[22m[39m [32mhmr update [39m[2m/src/styles.css[22m
[2m23:29:01[22m [36m[1m[vite][22m[39m [90m[2m(client)[22m[39m [32mhmr update [39m[2m/src/styles.css[22m
[2m23:29:11[22m [36m[1m[vite][22m[39m [90m[2m(client)[22m[39m [32mhmr update [39m[2m/src/styles.css[22m
[2m23:30:44[22m [36m[1m[vite][22m[39m [90m[2m(client)[22m[39m [32mhmr update [39m[2m/src/views/AdminView.vue[22m
[2m23:31:26[22m [36m[1m[vite][22m[39m [90m[2m(client)[22m[39m [32mhmr update [39m[2m/src/views/PortalView.vue, /src/views/AdminView.vue, /src/components/AssistantPage.vue, /src/components/AudioPage.vue, /src/components/ImagePage.vue, /src/components/VideoPage.vue, /src/components/WorkbenchPage.vue, /src/components/PortalDetailPage.vue, /src/components/PortalChrome.vue, /src/components/MarketingPage.vue, /src/components/DynamicPage.vue, /src/components/TextWorkbenchPage.vue[22m
[2m23:32:48[22m [36m[1m[vite][22m[39m [90m[2m(client)[22m[39m [32mhmr update [39m[2m/src/views/PortalView.vue, /src/views/AdminView.vue, /src/components/AssistantPage.vue, /src/components/AudioPage.vue, /src/components/ImagePage.vue, /src/components/VideoPage.vue, /src/components/WorkbenchPage.vue, /src/components/PortalDetailPage.vue, /src/components/PortalChrome.vue, /src/components/MarketingPage.vue, /src/components/DynamicPage.vue, /src/components/TextWorkbenchPage.vue[22m
[2m23:39:32[22m [36m[1m[vite][22m[39m [90m[2m(client)[22m[39m [32mhmr update [39m[2m/src/views/PortalView.vue[22m
[2m23:39:59[22m [36m[1m[vite][22m[39m [90m[2m(client)[22m[39m [32mhmr update [39m[2m/src/components/DynamicPage.vue[22m
[2m23:40:14[22m [36m[1m[vite][22m[39m [90m[2m(client)[22m[39m [32mhmr update [39m[2m/src/styles.css[22m
[2m19:16:31[22m [36m[1m[vite][22m[39m [90m[2m(client)[22m[39m [32mpage reload [39m[2mindex.html[22m
[2m19:16:31[22m [36m[1m[vite][22m[39m [34m[2m(ssr)[22m[39m [32mpage reload [39m[2mindex.html[22m
[2m19:16:31[22m [36m[1m[vite][22m[39m [90m[2m(client)[22m[39m [32mpage reload [39m[2msrc/router.ts[22m
[2m19:16:31[22m [36m[1m[vite][22m[39m [90m[2m(client)[22m[39m [32mhmr update [39m[2m/src/views/AdminView.vue[22m
[2m19:16:31[22m [36m[1m[vite][22m[39m [90m[2m(client)[22m[39m [32mhmr update [39m[2m/src/styles.css[22m
[2m19:16:31[22m [36m[1m[vite][22m[39m [90m[2m(client)[22m[39m [32mhmr update [39m[2m/src/views/PortalView.vue, /src/views/AdminView.vue, /src/components/AudioPage.vue, /src/components/ImagePage.vue, /src/components/VideoPage.vue, /src/components/WorkbenchPage.vue, /src/components/PortalDetailPage.vue, /src/components/PortalChrome.vue[22m
[2m19:16:31[22m [36m[1m[vite][22m[39m [90m[2m(client)[22m[39m [32mhmr update [39m[2m/src/views/PortalView.vue, /src/views/AdminView.vue, /src/components/AssistantPage.vue, /src/components/AudioPage.vue, /src/components/ImagePage.vue, /src/components/VideoPage.vue, /src/components/WorkbenchPage.vue, /src/components/PortalDetailPage.vue, /src/components/PortalChrome.vue, /src/components/MarketingPage.vue, /src/components/DynamicPage.vue, /src/components/TextWorkbenchPage.vue[22m
[2m19:16:31[22m [36m[1m[vite][22m[39m [90m[2m(client)[22m[39m [32mhmr update [39m[2m/src/App.vue[22m
[2m19:16:31[22m [36m[1m[vite][22m[39m [90m[2m(client)[22m[39m [32mhmr update [39m[2m/src/components/DynamicPage.vue[22m
[2m19:16:31[22m [36m[1m[vite][22m[39m [90m[2m(client)[22m[39m [32mhmr update [39m[2m/src/components/PortalChrome.vue, /src/components/PortalChrome.vue?vue&type=style&index=0&scoped=429570ee&lang.css[22m
[2m19:16:31[22m [36m[1m[vite][22m[39m [90m[2m(client)[22m[39m [32mhmr update [39m[2m/src/components/PortalDetailPage.vue, /src/components/PortalDetailPage.vue?vue&type=style&index=0&scoped=0c397384&lang.css[22m
[2m19:16:31[22m [36m[1m[vite][22m[39m [90m[2m(client)[22m[39m [32mhmr update [39m[2m/src/views/AdminView.vue[22m
[2m19:16:31[22m [36m[1m[vite][22m[39m [90m[2m(client)[22m[39m [32mhmr update [39m[2m/src/views/PortalView.vue[22m
[2m19:48:05[22m [36m[1m[vite][22m[39m [90m[2m(client)[22m[39m [32mhmr update [39m[2m/src/components/HomeDashboardPage.vue, /src/components/HomeDashboardPage.vue?vue&type=style&index=0&scoped=b329c8cd&lang.css[22m
[2m19:49:09[22m [36m[1m[vite][22m[39m [90m[2m(client)[22m[39m [32mhmr update [39m[2m/src/views/PortalView.vue, /src/views/AdminView.vue, /src/components/AssistantPage.vue, /src/components/AudioPage.vue, /src/components/ImagePage.vue, /src/components/VideoPage.vue, /src/components/WorkbenchPage.vue, /src/components/PortalDetailPage.vue, /src/components/PortalChrome.vue, /src/App.vue, /src/components/MembershipBenefitsPage.vue, /src/components/MarketingPage.vue, /src/components/DynamicPage.vue, /src/components/TextWorkbenchPage.vue, /src/components/HomeDashboardPage.vue[22m
[2m19:50:02[22m [36m[1m[vite][22m[39m [90m[2m(client)[22m[39m [32mhmr update [39m[2m/src/views/AdminView.vue[22m
[2m19:50:34[22m [36m[1m[vite][22m[39m [90m[2m(client)[22m[39m [32mhmr update [39m[2m/src/views/AdminView.vue[22m
[2m19:52:20[22m [36m[1m[vite][22m[39m [90m[2m(client)[22m[39m [32mhmr update [39m[2m/src/views/AdminView.vue[22m
[2m20:00:28[22m [36m[1m[vite][22m[39m [90m[2m(client)[22m[39m [32mhmr update [39m[2m/src/views/PortalView.vue, /src/components/AssistantPage.vue, /src/components/DynamicPage.vue, /src/components/MarketingPage.vue, /src/components/TextWorkbenchPage.vue, /src/components/WorkspaceShell.vue, /src/components/PortalDetailPage.vue, /src/components/HomeDashboardPage.vue[22m
[2m20:09:59[22m [36m[1m[vite][22m[39m [90m[2m(client)[22m[39m [32mhmr update [39m[2m/src/components/HomeDashboardPage.vue[22m
[2m20:10:09[22m [36m[1m[vite][22m[39m [90m[2m(client)[22m[39m [32mhmr update [39m[2m/src/components/HomeDashboardPage.vue[22m
[2m20:21:11[22m [36m[1m[vite][22m[39m [90m[2m(client)[22m[39m [32mhmr update [39m[2m/src/views/PortalView.vue, /src/views/AdminView.vue, /src/components/AudioPage.vue, /src/components/ImagePage.vue, /src/components/VideoPage.vue, /src/components/WorkbenchPage.vue, /src/components/PortalDetailPage.vue, /src/components/PortalChrome.vue, /src/App.vue, /src/components/MembershipBenefitsPage.vue[22m
[2m20:56:24[22m [36m[1m[vite][22m[39m [90m[2m(client)[22m[39m [32mhmr update [39m[2m/src/views/PortalView.vue, /src/views/AdminView.vue, /src/components/AssistantPage.vue, /src/components/AudioPage.vue, /src/components/ImagePage.vue, /src/components/VideoPage.vue, /src/components/WorkbenchPage.vue, /src/components/PortalDetailPage.vue, /src/components/PortalChrome.vue, /src/App.vue, /src/components/MembershipBenefitsPage.vue, /src/components/MarketingPage.vue, /src/components/DynamicPage.vue, /src/components/TextWorkbenchPage.vue, /src/components/HomeDashboardPage.vue[22m
[2m20:57:08[22m [36m[1m[vite][22m[39m [90m[2m(client)[22m[39m [32mhmr update [39m[2m/src/views/PortalView.vue, /src/views/AdminView.vue, /src/components/AssistantPage.vue, /src/components/AudioPage.vue, /src/components/ImagePage.vue, /src/components/VideoPage.vue, /src/components/WorkbenchPage.vue, /src/components/PortalDetailPage.vue, /src/components/PortalChrome.vue, /src/App.vue, /src/components/MembershipBenefitsPage.vue, /src/components/MarketingPage.vue, /src/components/DynamicPage.vue, /src/components/TextWorkbenchPage.vue, /src/components/HomeDashboardPage.vue[22m
[2m20:58:20[22m [36m[1m[vite][22m[39m [90m[2m(client)[22m[39m [32mhmr update [39m[2m/src/views/PortalView.vue, /src/views/AdminView.vue, /src/components/AssistantPage.vue, /src/components/AudioPage.vue, /src/components/ImagePage.vue, /src/components/VideoPage.vue, /src/components/WorkbenchPage.vue, /src/components/PortalDetailPage.vue, /src/components/PortalChrome.vue, /src/App.vue, /src/components/MembershipBenefitsPage.vue, /src/components/MarketingPage.vue, /src/components/DynamicPage.vue, /src/components/TextWorkbenchPage.vue, /src/components/HomeDashboardPage.vue[22m
[2m20:58:35[22m [36m[1m[vite][22m[39m [90m[2m(client)[22m[39m [32mhmr update [39m[2m/src/views/PortalView.vue, /src/views/AdminView.vue, /src/components/AudioPage.vue, /src/components/ImagePage.vue, /src/components/VideoPage.vue, /src/components/WorkbenchPage.vue, /src/components/PortalDetailPage.vue, /src/components/PortalChrome.vue, /src/App.vue, /src/components/MembershipBenefitsPage.vue[22m
[2m20:58:48[22m [36m[1m[vite][22m[39m [90m[2m(client)[22m[39m [32mhmr update [39m[2m/src/views/PortalView.vue, /src/views/AdminView.vue, /src/components/AudioPage.vue, /src/components/ImagePage.vue, /src/components/VideoPage.vue, /src/components/WorkbenchPage.vue, /src/components/PortalDetailPage.vue, /src/components/PortalChrome.vue, /src/App.vue, /src/components/MembershipBenefitsPage.vue[22m
[2m20:59:11[22m [36m[1m[vite][22m[39m [90m[2m(client)[22m[39m [32mhmr update [39m[2m/src/views/PortalView.vue, /src/views/AdminView.vue, /src/components/AudioPage.vue, /src/components/ImagePage.vue, /src/components/VideoPage.vue, /src/components/WorkbenchPage.vue, /src/components/PortalDetailPage.vue, /src/components/PortalChrome.vue, /src/App.vue, /src/components/MembershipBenefitsPage.vue[22m
[2m20:59:33[22m [36m[1m[vite][22m[39m [90m[2m(client)[22m[39m [32mhmr update [39m[2m/src/views/PortalView.vue, /src/views/AdminView.vue, /src/components/AudioPage.vue, /src/components/ImagePage.vue, /src/components/VideoPage.vue, /src/components/WorkbenchPage.vue, /src/components/PortalDetailPage.vue, /src/components/PortalChrome.vue, /src/App.vue, /src/components/MembershipBenefitsPage.vue[22m
[2m20:59:47[22m [36m[1m[vite][22m[39m [90m[2m(client)[22m[39m [32mhmr update [39m[2m/src/views/PortalView.vue, /src/views/AdminView.vue, /src/components/AudioPage.vue, /src/components/ImagePage.vue, /src/components/VideoPage.vue, /src/components/WorkbenchPage.vue, /src/components/PortalDetailPage.vue, /src/components/PortalChrome.vue, /src/App.vue, /src/components/MembershipBenefitsPage.vue[22m
[2m21:00:03[22m [36m[1m[vite][22m[39m [90m[2m(client)[22m[39m [32mhmr update [39m[2m/src/views/PortalView.vue, /src/views/AdminView.vue, /src/components/AudioPage.vue, /src/components/ImagePage.vue, /src/components/VideoPage.vue, /src/components/WorkbenchPage.vue, /src/components/PortalDetailPage.vue, /src/components/PortalChrome.vue, /src/App.vue, /src/components/MembershipBenefitsPage.vue[22m
[2m21:00:48[22m [36m[1m[vite][22m[39m [90m[2m(client)[22m[39m [32mpage reload [39m[2msrc/router.ts[22m
[2m21:01:59[22m [36m[1m[vite][22m[39m [90m[2m(client)[22m[39m [32mhmr update [39m[2m/src/components/PortalChrome.vue[22m
[2m21:02:45[22m [36m[1m[vite][22m[39m [90m[2m(client)[22m[39m [32mhmr update [39m[2m/src/components/PortalChrome.vue[22m
[2m21:03:03[22m [36m[1m[vite][22m[39m [90m[2m(client)[22m[39m [32mhmr update [39m[2m/src/components/PortalChrome.vue[22m
[2m21:03:25[22m [36m[1m[vite][22m[39m [90m[2m(client)[22m[39m [32mhmr update [39m[2m/src/components/PortalChrome.vue[22m
[2m21:05:04[22m [36m[1m[vite][22m[39m [90m[2m(client)[22m[39m [32mhmr update [39m[2m/src/components/PortalChrome.vue[22m
[2m21:05:22[22m [36m[1m[vite][22m[39m [90m[2m(client)[22m[39m [32mhmr update [39m[2m/src/components/PortalChrome.vue[22m
[2m21:05:39[22m [36m[1m[vite][22m[39m [90m[2m(client)[22m[39m [32mhmr update [39m[2m/src/components/PortalChrome.vue[22m
[2m21:06:58[22m [36m[1m[vite][22m[39m [90m[2m(client)[22m[39m [32mhmr update [39m[2m/src/components/PortalChrome.vue[22m
[2m21:07:20[22m [36m[1m[vite][22m[39m [90m[2m(client)[22m[39m [32mhmr update [39m[2m/src/components/PortalChrome.vue[22m
[2m21:07:35[22m [36m[1m[vite][22m[39m [90m[2m(client)[22m[39m [32mhmr update [39m[2m/src/components/PortalChrome.vue[22m
[2m21:08:07[22m [36m[1m[vite][22m[39m [90m[2m(client)[22m[39m [32mhmr update [39m[2m/src/views/AdminView.vue[22m
[2m21:08:16[22m [36m[1m[vite][22m[39m [90m[2m(client)[22m[39m [32mhmr update [39m[2m/src/views/AdminView.vue[22m
[2m21:09:38[22m [36m[1m[vite][22m[39m [90m[2m(client)[22m[39m [32mhmr update [39m[2m/src/views/AdminView.vue[22m
[2m21:09:55[22m [36m[1m[vite][22m[39m [90m[2m(client)[22m[39m [32mhmr update [39m[2m/src/views/AdminView.vue[22m
[2m21:10:38[22m [36m[1m[vite][22m[39m [90m[2m(client)[22m[39m [32mhmr update [39m[2m/src/views/AdminView.vue[22m
[2m21:11:31[22m [36m[1m[vite][22m[39m [90m[2m(client)[22m[39m [32mhmr update [39m[2m/src/views/AdminView.vue[22m
[2m21:11:42[22m [36m[1m[vite][22m[39m [90m[2m(client)[22m[39m [32mhmr update [39m[2m/src/views/AdminView.vue[22m
[2m21:12:03[22m [36m[1m[vite][22m[39m [90m[2m(client)[22m[39m [32mhmr update [39m[2m/src/views/AdminView.vue[22m
[2m21:12:12[22m [36m[1m[vite][22m[39m [90m[2m(client)[22m[39m [32mhmr update [39m[2m/src/views/AdminView.vue[22m
[2m21:16:32[22m [36m[1m[vite][22m[39m [90m[2m(client)[22m[39m [32mhmr update [39m[2m/src/components/PortalChrome.vue[22m
[2m21:16:32[22m [36m[1m[vite][22m[39m [90m[2m(client)[22m[39m [32mhmr update [39m[2m/src/views/AdminView.vue[22m
[2m21:16:43[22m [36m[1m[vite][22m[39m [90m[2m(client)[22m[39m [32mhmr update [39m[2m/src/components/PortalChrome.vue[22m
[2m00:11:42[22m [36m[1m[vite][22m[39m [90m[2m(client)[22m[39m [32mpage reload [39m[2mindex.html[22m
[2m00:11:42[22m [36m[1m[vite][22m[39m [34m[2m(ssr)[22m[39m [32mpage reload [39m[2mindex.html[22m
[2m00:11:42[22m [36m[1m[vite][22m[39m [90m[2m(client)[22m[39m [32mpage reload [39m[2msrc/router.ts[22m
[2m00:11:42[22m [36m[1m[vite][22m[39m [90m[2m(client)[22m[39m [32mhmr update [39m[2m/src/views/AdminView.vue[22m
[2m00:11:42[22m [36m[1m[vite][22m[39m [90m[2m(client)[22m[39m [32mhmr update [39m[2m/src/App.vue[22m
[2m00:11:42[22m [36m[1m[vite][22m[39m [90m[2m(client)[22m[39m [32mhmr update [39m[2m/src/views/PortalView.vue, /src/views/AdminView.vue, /src/components/AudioPage.vue, /src/components/ImagePage.vue, /src/components/VideoPage.vue, /src/components/WorkbenchPage.vue, /src/components/PortalDetailPage.vue, /src/components/PortalChrome.vue, /src/App.vue, /src/components/MembershipBenefitsPage.vue, /src/views/AuthView.vue[22m
[2m00:11:42[22m [36m[1m[vite][22m[39m [90m[2m(client)[22m[39m [32mhmr update [39m[2m/src/views/PortalView.vue, /src/components/AssistantPage.vue, /src/components/DynamicPage.vue, /src/components/MarketingPage.vue, /src/components/TextWorkbenchPage.vue, /src/components/WorkspaceShell.vue, /src/components/PortalDetailPage.vue, /src/components/HomeDashboardPage.vue[22m
[2m00:11:42[22m [36m[1m[vite][22m[39m [90m[2m(client)[22m[39m [32mhmr update [39m[2m/src/views/PortalView.vue, /src/views/AdminView.vue, /src/components/AssistantPage.vue, /src/components/AudioPage.vue, /src/components/ImagePage.vue, /src/components/VideoPage.vue, /src/components/WorkbenchPage.vue, /src/components/PortalDetailPage.vue, /src/components/PortalChrome.vue, /src/App.vue, /src/components/MembershipBenefitsPage.vue, /src/views/AuthView.vue, /src/components/MarketingPage.vue, /src/components/DynamicPage.vue, /src/components/TextWorkbenchPage.vue, /src/components/HomeDashboardPage.vue[22m
[2m00:11:42[22m [36m[1m[vite][22m[39m [90m[2m(client)[22m[39m [32mhmr update [39m[2m/src/styles.css[22m
[2m00:11:42[22m [36m[1m[vite][22m[39m [90m[2m(client)[22m[39m [32mhmr update [39m[2m/src/components/DynamicPage.vue[22m
[2m00:11:42[22m [36m[1m[vite][22m[39m [90m[2m(client)[22m[39m [32mhmr update [39m[2m/src/components/AssistantPage.vue[22m
[2m00:11:42[22m [36m[1m[vite][22m[39m [90m[2m(client)[22m[39m [32mhmr update [39m[2m/src/components/AudioPage.vue, /src/components/AudioPage.vue?vue&type=style&index=0&scoped=6551943f&lang.css[22m
[2m00:11:42[22m [36m[1m[vite][22m[39m [90m[2m(client)[22m[39m [32mhmr update [39m[2m/src/components/MarketingPage.vue[22m
[2m00:11:42[22m [36m[1m[vite][22m[39m [90m[2m(client)[22m[39m [32mhmr update [39m[2m/src/components/ImagePage.vue, /src/components/ImagePage.vue?vue&type=style&index=0&scoped=1efbc1a4&lang.css[22m
[2m00:11:42[22m [36m[1m[vite][22m[39m [90m[2m(client)[22m[39m [32mhmr update [39m[2m/src/components/PortalChrome.vue, /src/components/PortalChrome.vue?vue&type=style&index=0&scoped=429570ee&lang.css[22m
[2m00:11:42[22m [36m[1m[vite][22m[39m [90m[2m(client)[22m[39m [32mhmr update [39m[2m/src/components/MembershipBenefitsPage.vue, /src/components/MembershipBenefitsPage.vue?vue&type=style&index=0&scoped=6944c0d1&lang.css[22m
[2m00:11:42[22m [36m[1m[vite][22m[39m [90m[2m(client)[22m[39m [32mhmr update [39m[2m/src/components/HomeDashboardPage.vue, /src/components/HomeDashboardPage.vue?vue&type=style&index=0&scoped=b329c8cd&lang.css[22m
[2m00:11:42[22m [36m[1m[vite][22m[39m [90m[2m(client)[22m[39m [32mhmr update [39m[2m/src/views/AuthView.vue, /src/views/AuthView.vue?vue&type=style&index=0&scoped=bd851895&lang.css[22m
[2m00:11:42[22m [36m[1m[vite][22m[39m [90m[2m(client)[22m[39m [32mhmr update [39m[2m/src/components/TextWorkbenchPage.vue[22m
[2m00:11:42[22m [36m[1m[vite][22m[39m [90m[2m(client)[22m[39m [32mhmr update [39m[2m/src/components/VideoPage.vue, /src/components/VideoPage.vue?vue&type=style&index=0&scoped=1d493dc3&lang.css[22m
[2m00:11:42[22m [36m[1m[vite][22m[39m [90m[2m(client)[22m[39m [32mhmr update [39m[2m/src/components/WorkbenchPage.vue, /src/components/WorkbenchPage.vue?vue&type=style&index=0&scoped=f37aacb9&lang.css[22m
[2m00:11:42[22m [36m[1m[vite][22m[39m [90m[2m(client)[22m[39m [32mhmr update [39m[2m/src/components/WorkspaceShell.vue, /src/components/WorkspaceShell.vue?vue&type=style&index=0&scoped=8eb35274&lang.css[22m
[2m00:11:42[22m [36m[1m[vite][22m[39m [90m[2m(client)[22m[39m [32mhmr update [39m[2m/src/components/PortalDetailPage.vue, /src/components/PortalDetailPage.vue?vue&type=style&index=0&scoped=0c397384&lang.css[22m
[2m00:11:42[22m [36m[1m[vite][22m[39m [90m[2m(client)[22m[39m [32mhmr update [39m[2m/src/views/AdminView.vue[22m
[2m00:11:42[22m [36m[1m[vite][22m[39m [90m[2m(client)[22m[39m [32mhmr update [39m[2m/src/views/PortalView.vue[22m
[2m00:17:51[22m [36m[1m[vite][22m[39m [90m[2m(client)[22m[39m [32mpage reload [39m[2mindex.html[22m
[2m00:17:51[22m [36m[1m[vite][22m[39m [34m[2m(ssr)[22m[39m [32mpage reload [39m[2mindex.html[22m
[2m00:17:52[22m [36m[1m[vite][22m[39m [90m[2m(client)[22m[39m [32mhmr update [39m[2m/src/components/AssistantPage.vue[22m
[2m00:17:52[22m [36m[1m[vite][22m[39m [90m[2m(client)[22m[39m [32mhmr update [39m[2m/src/components/AudioPage.vue, /src/components/AudioPage.vue?vue&type=style&index=0&scoped=6551943f&lang.css[22m
[2m00:17:52[22m [36m[1m[vite][22m[39m [90m[2m(client)[22m[39m [32mhmr update [39m[2m/src/components/HomeDashboardPage.vue, /src/components/HomeDashboardPage.vue?vue&type=style&index=0&scoped=b329c8cd&lang.css[22m
[2m00:17:52[22m [36m[1m[vite][22m[39m [90m[2m(client)[22m[39m [32mhmr update [39m[2m/src/views/AdminView.vue[22m
[2m00:17:52[22m [36m[1m[vite][22m[39m [90m[2m(client)[22m[39m [32mpage reload [39m[2msrc/router.ts[22m
[2m00:17:52[22m [36m[1m[vite][22m[39m [90m[2m(client)[22m[39m [32mhmr update [39m[2m/src/App.vue[22m
[2m00:17:52[22m [36m[1m[vite][22m[39m [90m[2m(client)[22m[39m [32mhmr update [39m[2m/src/views/PortalView.vue, /src/views/AdminView.vue[22m
[2m00:17:52[22m [36m[1m[vite][22m[39m [90m[2m(client)[22m[39m [32mhmr update [39m[2m/src/views/PortalView.vue, /src/components/DynamicPage.vue[22m
[2m00:17:52[22m [36m[1m[vite][22m[39m [90m[2m(client)[22m[39m [32mhmr update [39m[2m/src/views/PortalView.vue, /src/views/AdminView.vue, /src/components/AssistantPage.vue, /src/components/AudioPage.vue, /src/components/DynamicPage.vue, /src/components/MarketingPage.vue, /src/components/TextWorkbenchPage.vue, /src/components/HomeDashboardPage.vue[22m
[2m00:17:52[22m [36m[1m[vite][22m[39m [90m[2m(client)[22m[39m [32mhmr update [39m[2m/src/styles.css[22m
[2m00:17:52[22m [36m[1m[vite][22m[39m [90m[2m(client)[22m[39m [32mhmr update [39m[2m/src/components/ImagePage.vue, /src/components/ImagePage.vue?vue&type=style&index=0&scoped=1efbc1a4&lang.css[22m
[2m00:17:52[22m [36m[1m[vite][22m[39m [90m[2m(client)[22m[39m [32mhmr update [39m[2m/src/components/MarketingPage.vue[22m
[2m00:17:52[22m [36m[1m[vite][22m[39m [90m[2m(client)[22m[39m [32mhmr update [39m[2m/src/components/MembershipBenefitsPage.vue, /src/components/MembershipBenefitsPage.vue?vue&type=style&index=0&scoped=6944c0d1&lang.css[22m
[2m00:17:52[22m [36m[1m[vite][22m[39m [90m[2m(client)[22m[39m [32mhmr update [39m[2m/src/components/PortalChrome.vue, /src/components/PortalChrome.vue?vue&type=style&index=0&scoped=429570ee&lang.css[22m
[2m00:17:52[22m [36m[1m[vite][22m[39m [90m[2m(client)[22m[39m [32mhmr update [39m[2m/src/components/PortalDetailPage.vue, /src/components/PortalDetailPage.vue?vue&type=style&index=0&scoped=0c397384&lang.css[22m
[2m00:17:52[22m [36m[1m[vite][22m[39m [90m[2m(client)[22m[39m [32mhmr update [39m[2m/src/components/TextWorkbenchPage.vue[22m
[2m00:17:52[22m [36m[1m[vite][22m[39m [90m[2m(client)[22m[39m [32mhmr update [39m[2m/src/components/VideoPage.vue, /src/components/VideoPage.vue?vue&type=style&index=0&scoped=1d493dc3&lang.css[22m
[2m00:17:52[22m [36m[1m[vite][22m[39m [90m[2m(client)[22m[39m [32mhmr update [39m[2m/src/components/WorkbenchPage.vue, /src/components/WorkbenchPage.vue?vue&type=style&index=0&scoped=f37aacb9&lang.css[22m
[2m00:17:52[22m [36m[1m[vite][22m[39m [90m[2m(client)[22m[39m [32mhmr update [39m[2m/src/components/WorkspaceShell.vue, /src/components/WorkspaceShell.vue?vue&type=style&index=0&scoped=8eb35274&lang.css[22m
[2m00:17:52[22m [36m[1m[vite][22m[39m [90m[2m(client)[22m[39m [32mhmr update [39m[2m/src/components/DynamicPage.vue[22m
[2m00:17:52[22m [36m[1m[vite][22m[39m [90m[2m(client)[22m[39m [32mhmr update [39m[2m/src/views/AuthView.vue, /src/views/AuthView.vue?vue&type=style&index=0&scoped=bd851895&lang.css[22m
[2m00:17:52[22m [36m[1m[vite][22m[39m [90m[2m(client)[22m[39m [32mpage reload [39m[2msrc/router.ts[22m
[2m00:17:52[22m [36m[1m[vite][22m[39m [90m[2m(client)[22m[39m [32mpage reload [39m[2msrc/router.ts[22m
[2m00:17:52[22m [36m[1m[vite][22m[39m [90m[2m(client)[22m[39m [32mhmr update [39m[2m/src/views/AdminView.vue[22m
[2m00:17:52[22m [36m[1m[vite][22m[39m [90m[2m(client)[22m[39m [32mhmr update [39m[2m/src/views/PortalView.vue[22m
